// Jest Snapshot v1, https://goo.gl/fbAQLP

exports[`OHA Westlaw Form should render correctly 1`] = `ShallowWrapper {}`;
