// Jest Snapshot v1, https://goo.gl/fbAQLP

exports[`ModalController should render MobileSectionNav page 1`] = `
<div
  className="navMenuOpen"
>
  <div
    className="navHeader"
    onClick={[Function]}
  >
    <i
      className="navLeftArrow fa fa-angle-left"
    />
    <div
      className="navTitleContainer"
    >
      <h3
        className="navTitle"
      >
        Lender
      </h3>
    </div>
  </div>
  <div
    className="navTopLine"
  />
  <div
    className="navLinkContainer"
    onTouchTap={[Function]}
  >
    <a
      className="navLink"
      id={undefined}
      onTouchTap={[Function]}
    >
      CDC/504 program
    </a>
  </div>
  <div
    className="navLinkContainer"
    onTouchTap={[Function]}
  >
    <a
      className="navLink"
      id={undefined}
      onTouchTap={[Function]}
    >
      CDC/504 program
    </a>
  </div>
</div>
`;
