// Jest Snapshot v1, https://goo.gl/fbAQLP

exports[`related document cards renders correctly 1`] = `
<div
  className="container"
>
  <div />
</div>
`;
