exports[`test LoanInfo page renders inputs 1`] = `
<div
  className="col-xs-12 col-lg-6 col-lg-offset-3 formPanel panel panel-default"
  id={undefined}>
  <div
    className="panel-body">
    <div
      className="btn-toolbar"
      role="toolbar">
      <button
        className="btn btn-default btn-sm pull-left"
        onClick={[Function]}
        type="button">
        <span
          className="glyphicon glyphicon-chevron-left" />
         Back
      </button>
    </div>
    <h2
      className="col-md-4 col-md-offset-4 text-center">
      Loan Info
    </h2>
    <form
      onSubmit={[Function]}>
      <div
        className="col-sm-6 col-sm-offset-3 col-xs-12 col-xs-offset-0">
        <div
          className="input1 form-group has-feedback">
          <label
            className="controlLabel control-label"
            htmlFor={undefined}>
            How much funding do you need?
          </label>
          <input
            className="form-control"
            id={undefined}
            label="How much funding do you need?"
            name="loanAmount"
            onBlur={[Function]}
            onChange={[Function]}
            type="text"
            value="" />
        </div>
      </div>
      <div
        className="col-sm-6 col-sm-offset-3 col-xs-12 col-xs-offset-0">
        <div
          className="form-group">
          <label
            className="controlLabel control-label"
            htmlFor={undefined}>
            How will these funds be used?
          </label>
          <select
            className="form-control"
            defaultValue=""
            id={undefined}
            name="loanDescription"
            onChange={[Function]}
            type={undefined}>
            <option
              disabled={true}
              value="">
              - Select use of funds -
            </option>
            <option
              value="option 1">
              option 1
            </option>
            <option
              value="option 2">
              option 2
            </option>
          </select>
        </div>
      </div>
      <div
        className="col-sm-6 col-sm-offset-3 col-xs-12 col-xs-offset-0">
        <div
          className="form-group">
          <label
            className="controlLabel control-label"
            htmlFor={undefined}>
            Describe how these funds will be used?
          </label>
          <textArea
            className="form-control"
            id={undefined}
            name="loanUsage"
            onChange={[Function]}
            placeholder="Include details such as this sample placeholder and this other example."
            type={undefined} />
        </div>
      </div>
      <button
        className="btn btn-default col-xs-2 col-xs-offset-5"
        type="submit">
        Continue 
      </button>
    </form>
  </div>
</div>
`;
