// Jest Snapshot v1, https://goo.gl/fbAQLP

exports[`SearchBar should render the happy path 1`] = `
ShallowWrapper {
  "complexSelector": ComplexSelector {
    "buildPredicate": [Function],
    "childrenOfNode": [Function],
    "findWhereUnwrapped": [Function],
  },
  "length": 1,
  "node": <Link
    aria-label="toggle search bar"
    onClick={[Function]}
    onKeyDown={[Function]}
  >
    <i
      alt="toggle search bar"
      aria-hidden="true"
      className="fa fa-search"
      id="search-toggle-link"
    />
  </Link>,
  "nodes": Array [
    <Link
      aria-label="toggle search bar"
      onClick={[Function]}
      onKeyDown={[Function]}
    >
      <i
        alt="toggle search bar"
        aria-hidden="true"
        className="fa fa-search"
        id="search-toggle-link"
      />
    </Link>,
  ],
  "options": Object {},
  "renderer": ReactShallowRenderer {
    "_instance": ShallowComponentWrapper {
      "_calledComponentWillUnmount": false,
      "_compositeType": 0,
      "_context": Object {},
      "_currentElement": <SearchBar
        onExpand={[Function]}
      />,
      "_debugID": 1,
      "_hostContainerInfo": null,
      "_hostParent": null,
      "_instance": SearchBar {
        "_reactInternalInstance": [Circular],
        "context": Object {},
        "props": Object {
          "onExpand": [Function],
        },
        "refs": Object {},
        "state": Object {
          "expanded": false,
          "searchValue": "",
        },
        "updater": Object {
          "enqueueCallback": [Function],
          "enqueueCallbackInternal": [Function],
          "enqueueElementInternal": [Function],
          "enqueueForceUpdate": [Function],
          "enqueueReplaceState": [Function],
          "enqueueSetState": [Function],
          "isMounted": [Function],
          "validateCallback": [Function],
        },
      },
      "_mountOrder": 1,
      "_pendingCallbacks": null,
      "_pendingElement": null,
      "_pendingForceUpdate": false,
      "_pendingReplaceState": false,
      "_pendingStateQueue": null,
      "_renderedComponent": NoopInternalComponent {
        "_currentElement": <Link
          aria-label="toggle search bar"
          onClick={[Function]}
          onKeyDown={[Function]}
        >
          <i
            alt="toggle search bar"
            aria-hidden="true"
            className="fa fa-search"
            id="search-toggle-link"
          />
        </Link>,
        "_debugID": 2,
        "_renderedOutput": <Link
          aria-label="toggle search bar"
          onClick={[Function]}
          onKeyDown={[Function]}
        >
          <i
            alt="toggle search bar"
            aria-hidden="true"
            className="fa fa-search"
            id="search-toggle-link"
          />
        </Link>,
      },
      "_renderedNodeType": 1,
      "_rootNodeID": 0,
      "_topLevelWrapper": null,
      "_updateBatchNumber": null,
      "_warnedAboutRefsInRender": false,
    },
    "getRenderOutput": [Function],
    "render": [Function],
  },
  "root": [Circular],
  "unrendered": <SearchBar
    onExpand={[Function]}
  />,
}
`;
