// Jest Snapshot v1, https://goo.gl/fbAQLP

exports[`ReadMore should render ReadMore component 1`] = `
ShallowWrapper {
  "complexSelector": ComplexSelector {
    "buildPredicate": [Function],
    "childrenOfNode": [Function],
    "findWhereUnwrapped": [Function],
  },
  "length": 1,
  "node": <div
    className="readMoreSection"
>
    <h3
        className="title"
        id="text-readmore-section-3-read-more-title"
    />
    <p
        className="preview"
        id="text-readmore-section-3-read-more-preview"
    />
    <hr
        className="lineCopy"
    />
    <div />
    <SmallSecondaryButton
        extraClassName="readMore"
        id="text-readmore-section-3-read-more-btn"
        onClick={[Function]}
        text="CLOSE"
    />
</div>,
  "nodes": Array [
    <div
      className="readMoreSection"
>
      <h3
            className="title"
            id="text-readmore-section-3-read-more-title"
      />
      <p
            className="preview"
            id="text-readmore-section-3-read-more-preview"
      />
      <hr
            className="lineCopy"
      />
      <div />
      <SmallSecondaryButton
            extraClassName="readMore"
            id="text-readmore-section-3-read-more-btn"
            onClick={[Function]}
            text="CLOSE"
      />
</div>,
  ],
  "options": Object {},
  "renderer": ReactShallowRenderer {
    "_instance": ShallowComponentWrapper {
      "_calledComponentWillUnmount": false,
      "_compositeType": 0,
      "_context": Object {},
      "_currentElement": <ReadMore
        expanded={true}
        parentId="text-readmore-section-3-read-more"
        readMoreSectionItem="This is a test.
Yes, this is the test.
Three new lines.
It is good."
/>,
      "_debugID": 1,
      "_hostContainerInfo": null,
      "_hostParent": null,
      "_instance": ReadMore {
        "_reactInternalInstance": [Circular],
        "context": Object {},
        "props": Object {
          "expanded": true,
          "parentId": "text-readmore-section-3-read-more",
          "readMoreSectionItem": "This is a test.
Yes, this is the test.
Three new lines.
It is good.",
        },
        "refs": Object {},
        "state": null,
        "updater": Object {
          "enqueueCallback": [Function],
          "enqueueCallbackInternal": [Function],
          "enqueueElementInternal": [Function],
          "enqueueForceUpdate": [Function],
          "enqueueReplaceState": [Function],
          "enqueueSetState": [Function],
          "isMounted": [Function],
          "validateCallback": [Function],
        },
      },
      "_mountOrder": 1,
      "_pendingCallbacks": null,
      "_pendingElement": null,
      "_pendingForceUpdate": false,
      "_pendingReplaceState": false,
      "_pendingStateQueue": null,
      "_renderedComponent": NoopInternalComponent {
        "_currentElement": <div
          className="readMoreSection"
>
          <h3
                    className="title"
                    id="text-readmore-section-3-read-more-title"
          />
          <p
                    className="preview"
                    id="text-readmore-section-3-read-more-preview"
          />
          <hr
                    className="lineCopy"
          />
          <div />
          <SmallSecondaryButton
                    extraClassName="readMore"
                    id="text-readmore-section-3-read-more-btn"
                    onClick={[Function]}
                    text="CLOSE"
          />
</div>,
        "_debugID": 2,
        "_renderedOutput": <div
          className="readMoreSection"
>
          <h3
                    className="title"
                    id="text-readmore-section-3-read-more-title"
          />
          <p
                    className="preview"
                    id="text-readmore-section-3-read-more-preview"
          />
          <hr
                    className="lineCopy"
          />
          <div />
          <SmallSecondaryButton
                    extraClassName="readMore"
                    id="text-readmore-section-3-read-more-btn"
                    onClick={[Function]}
                    text="CLOSE"
          />
</div>,
      },
      "_renderedNodeType": 0,
      "_rootNodeID": 0,
      "_topLevelWrapper": null,
      "_updateBatchNumber": null,
      "_warnedAboutRefsInRender": false,
    },
    "getRenderOutput": [Function],
    "render": [Function],
  },
  "root": [Circular],
  "unrendered": <ReadMore
    expanded={true}
    parentId="text-readmore-section-3-read-more"
    readMoreSectionItem="This is a test.
Yes, this is the test.
Three new lines.
It is good."
/>,
}
`;
