// Jest Snapshot v1, https://goo.gl/fbAQLP

exports[`ProgramDetailsCardCollection should render the default cards 1`] = `
<div>
  <div
    className="cardCollection"
  >
    <div
      className="cardRow"
      id="card-row--1-0"
    >
      <div
        aria-label="card 1"
        className="card sixColumn noImage"
        data-testid="card"
        id="card--1-1"
        tabIndex="0"
      >
        <div
          className="false"
        >
          <h4
            className="itemTitle"
            data-testid="card title"
            id="title--1-1"
          >
            <a
              onClick={[Function]}
              style={Object {}}
              target="_self"
            >
              Title A
            </a>
          </h4>
          <a
            data-testid="card link"
            onClick={[Function]}
            style={Object {}}
            target="_self"
          >
            Learn more
          </a>
        </div>
      </div>
      <div
        aria-label="card 2"
        className="card sixColumn noImage"
        data-testid="card"
        id="card--1-2"
        tabIndex="0"
      >
        <div
          className="false"
        >
          <h4
            className="itemTitle"
            data-testid="card title"
            id="title--1-2"
          >
            <a
              onClick={[Function]}
              style={Object {}}
              target="_self"
            >
              Title B
            </a>
          </h4>
          <a
            data-testid="card link"
            onClick={[Function]}
            style={Object {}}
            target="_self"
          >
            Learn more
          </a>
        </div>
      </div>
      <div
        aria-label="card 3"
        className="card sixColumn noImage"
        data-testid="card"
        id="card--1-3"
        tabIndex="0"
      >
        <div
          className="false"
        >
          <h4
            className="itemTitle"
            data-testid="card title"
            id="title--1-3"
          >
            <a
              onClick={[Function]}
              style={Object {}}
              target="_self"
            >
              Title C
            </a>
          </h4>
          <a
            data-testid="card link"
            onClick={[Function]}
            style={Object {}}
            target="_self"
          >
            Learn more
          </a>
        </div>
      </div>
      <div
        aria-label="card 4"
        className="card sixColumn noImage"
        data-testid="card"
        id="card--1-4"
        tabIndex="0"
      >
        <div
          className="false"
        >
          <h4
            className="itemTitle"
            data-testid="card title"
            id="title--1-4"
          >
            <a
              onClick={[Function]}
              style={Object {}}
              target="_self"
            >
              Title D
            </a>
          </h4>
          <a
            data-testid="card link"
            onClick={[Function]}
            style={Object {}}
            target="_self"
          >
            Learn more
          </a>
        </div>
      </div>
      <div
        aria-label="card 5"
        className="card sixColumn noImage"
        data-testid="card"
        id="card--1-5"
        tabIndex="0"
      >
        <div
          className="false"
        >
          <h4
            className="itemTitle"
            data-testid="card title"
            id="title--1-5"
          >
            <a
              onClick={[Function]}
              style={Object {}}
              target="_self"
            >
              Title E
            </a>
          </h4>
          <a
            data-testid="card link"
            onClick={[Function]}
            style={Object {}}
            target="_self"
          >
            Learn more
          </a>
        </div>
      </div>
      <div
        aria-label="card 6"
        className="card sixColumn noImage"
        data-testid="card"
        id="card--1-6"
        tabIndex="0"
      >
        <div
          className="false"
        >
          <h4
            className="itemTitle"
            data-testid="card title"
            id="title--1-6"
          >
            <a
              onClick={[Function]}
              style={Object {}}
              target="_self"
            >
              Title F
            </a>
          </h4>
          <a
            data-testid="card link"
            onClick={[Function]}
            style={Object {}}
            target="_self"
          >
            Learn more
          </a>
        </div>
      </div>
    </div>
  </div>
</div>
`;
