// Jest Snapshot v1, https://goo.gl/fbAQLP

exports[`Video Organism should render correctly 1`] = `ShallowWrapper {}`;
