// Jest Snapshot v1, https://goo.gl/fbAQLP

exports[`PagingLookup should render with all the information 1`] = `
<div>
  <div
    className="banner"
  >
    <h2
      className="header"
    >
      My Documents
    </h2>
  </div>
  <div
    className="result"
  >
    <div />
    <div
      className="documentCardCollection"
    >
      <div
        className="loaderContainer"
      >
        <div
          className="loader container undefined"
        >
          <img
            className="logo"
            src="test-file-stub"
          />
          <div
            className="loader"
          />
        </div>
      </div>
    </div>
    <div />
  </div>
</div>
`;
