exports[`test SuccessPage renders 1`] = `
<div>
  <div
    className="full-width header">
    <h2
      className="text-center">
      Success
    </h2>
    <div
      className="text-center">
      Next Step Confirm Email
    </div>
  </div>
  <div
    className="container">
    <div
      className="row">
      <div
        className="col-md-6">
        <h3
          className="text-center">
           Dynamic Lender Matches
        </h3>
        <div>
          \"Lorem ipsum dolor sit amet, consectetur adipiscing elit, sed do eiusmod tempor incididunt ut labore et dolore magna aliqua. Ut enim ad minim veniam, quis nostrud exercitation ullamco laboris nisi ut aliquip ex ea commodo consequat. Duis aute irure dolor in reprehenderit in voluptate velit esse cillum dolore eu fugiat nulla pariatur. Excepteur sint occaecat cupidatat non proident, sunt in culpa qui officia deserunt mollit anim id est laborum.\"
        </div>
      </div>
      <div
        className="col-md-6">
        <h3
          className="text-center">
           Dynamic Counseling and Tools
        </h3>
        <div>
          \"Lorem ipsum dolor sit amet, consectetur adipiscing elit, sed do eiusmod tempor incididunt ut labore et dolore magna aliqua. Ut enim ad minim veniam, quis nostrud exercitation ullamco laboris nisi ut aliquip ex ea commodo consequat. Duis aute irure dolor in reprehenderit in voluptate velit esse cillum dolore eu fugiat nulla pariatur. Excepteur sint occaecat cupidatat non proident, sunt in culpa qui officia deserunt mollit anim id est laborum.\"
        </div>
      </div>
    </div>
  </div>
</div>
`;
