exports[`test AdditionalInfo page renders input fields 1`] = `
<div
  className="col-xs-12 col-lg-6 col-lg-offset-3 formPanel panel panel-default"
  id={undefined}>
  <div
    className="panel-body">
    <div
      className="btn-toolbar"
      role="toolbar">
      <button
        className="btn btn-default btn-sm pull-left"
        onClick={[Function]}
        type="button">
        <span
          className="glyphicon glyphicon-chevron-left" />
         Back
      </button>
    </div>
    <h2
      className="col-md-4 col-md-offset-4 text-center">
      Additional Info
    </h2>
    <form
      onSubmit={[Function]}>
      <div
        className="col-sm-6 col-sm-offset-3 col-xs-12 col-xs-offset-0">
        <div
          className="form-group">
          <label
            className="controlLabel control-label"
            htmlFor={undefined}>
            What\'s your industry experience?
          </label>
          <select
            className="form-control"
            id={undefined}
            name="industryExp"
            onChange={[Function]}
            type={undefined}>
            <option
              defaultValue="" />
            <option
              value="none">
              none
            </option>
            <option
              value="lots">
              lots
            </option>
          </select>
        </div>
      </div>
      <div
        className="col-xs-6 col-xs-offset-3 form-group">
        <label
          className="controlLabel">
          Check all that apply to you: 
        </label>
        <div
          className="checkbox"
          style={undefined}>
          <label>
            <input
              disabled={false}
              name="hasWrittenPlan"
              onClick={[Function]}
              type="checkbox" />
            I have a written business plan
          </label>
        </div>
        <div
          className="checkbox"
          style={undefined}>
          <label>
            <input
              disabled={false}
              name="hasFinancialProjections"
              onClick={[Function]}
              type="checkbox" />
            I have financial projections
          </label>
        </div>
        <div
          className="checkbox"
          style={undefined}>
          <label>
            <input
              disabled={false}
              name="isGeneratingRevenue"
              onClick={[Function]}
              type="checkbox" />
            I\'m generating revenue
          </label>
        </div>
        <div
          className="checkbox"
          style={undefined}>
          <label>
            <input
              disabled={false}
              name="isVeteran"
              onClick={[Function]}
              type="checkbox" />
            I\'m a veteran
          </label>
        </div>
      </div>
      <button
        className="btn btn-default col-xs-2 col-xs-offset-5"
        type="submit">
        Continue 
      </button>
    </form>
  </div>
</div>
`;
