// Jest Snapshot v1, https://goo.gl/fbAQLP

exports[`Course rendering of the CourseContent 1`] = `
ShallowWrapper {
  "complexSelector": ComplexSelector {
    "buildPredicate": [Function],
    "childrenOfNode": [Function],
    "findWhereUnwrapped": [Function],
  },
  "length": 1,
  "node": <div>
    <CourseView
      title="My Course Title"
    />
  </div>,
  "nodes": Array [
    <div>
      <CourseView
        title="My Course Title"
      />
    </div>,
  ],
  "options": Object {},
  "renderer": ReactShallowRenderer {
    "_instance": ShallowComponentWrapper {
      "_calledComponentWillUnmount": false,
      "_compositeType": 1,
      "_context": Object {},
      "_currentElement": <Course
        location={
          Object {
            "pathname": "/test/course",
          }
        }
      />,
      "_debugID": 1,
      "_hostContainerInfo": null,
      "_hostParent": null,
      "_instance": Course {
        "_reactInternalInstance": [Circular],
        "context": Object {},
        "props": Object {
          "location": Object {
            "pathname": "/test/course",
          },
        },
        "refs": Object {},
        "state": Object {
          "title": "My Course Title",
        },
        "updater": Object {
          "enqueueCallback": [Function],
          "enqueueCallbackInternal": [Function],
          "enqueueElementInternal": [Function],
          "enqueueForceUpdate": [Function],
          "enqueueReplaceState": [Function],
          "enqueueSetState": [Function],
          "isMounted": [Function],
          "validateCallback": [Function],
        },
      },
      "_mountOrder": 1,
      "_pendingCallbacks": null,
      "_pendingElement": null,
      "_pendingForceUpdate": false,
      "_pendingReplaceState": false,
      "_pendingStateQueue": null,
      "_renderedComponent": NoopInternalComponent {
        "_currentElement": <div>
          <CourseView
            title="My Course Title"
          />
        </div>,
        "_debugID": 2,
        "_renderedOutput": <div>
          <CourseView
            title="My Course Title"
          />
        </div>,
      },
      "_renderedNodeType": 0,
      "_rootNodeID": 0,
      "_topLevelWrapper": null,
      "_updateBatchNumber": null,
      "_warnedAboutRefsInRender": false,
    },
    "getRenderOutput": [Function],
    "render": [Function],
  },
  "root": [Circular],
  "unrendered": <Course
    location={
      Object {
        "pathname": "/test/course",
      }
    }
  />,
}
`;
